---
source: raps-cli/tests/cli/help_structure.rs
expression: stdout
---

  ____      _    ____  ____
 |  _ \    / \  |  _ \/ ___|
 | |_) |  / _ \ | |_) \___ \
 |  _ <  / ___ \|  __/ ___) |
 |_| \_\/_/   \_\_|   |____/

Bulk user management operations

Usage: raps admin user [OPTIONS] <COMMAND>

Commands:
  list                 List users in an account or project
  add                  [bulk] Add a user to multiple projects (use add-to-project for a single project)
  remove               [bulk] Remove a user from multiple projects (use remove-from-project for a single project)
  update               [bulk] Update user roles and/or company across multiple projects (use update-in-project for a single project)
  add-to-project       Add a user to a single project by email (use 'add' for multiple projects at once)
  remove-from-project  Remove a user from a single project (use 'remove' for multiple projects at once)
  update-in-project    Update a user's role in a single project (use 'update' for multiple projects at once)
  import               Import new users to a project from CSV
  export-permissions   Export user permissions across all projects to CSV
  clone-permissions    Clone permissions from one user to another across all projects
  add-to-all-projects  Add a user to all active projects in an account with an optional role
  help                 Print this message or the help of the given subcommand(s)

Options:
      --output <FORMAT>       Output format: table, json, yaml, csv, or plain (default: auto-detect) [possible values: table, json, yaml, csv, plain, ndjson]
      --no-color              Disable colored output
  -q, --quiet                 Print only the result payload (useful with JSON output)
  -v, --verbose               Show verbose output (request summaries)
      --debug                 Show debug output (full trace, secrets redacted)
      --log-file <PATH>       Write log output to PATH instead of the default platform log directory
      --profile               Profile performance (execution time, HTTP network time)
      --non-interactive       Non-interactive mode: fail if prompts would be required
      --yes                   Auto-confirm destructive actions
      --strict                Strict mode for CI: fail on any ambiguity, no silent defaults
      --timeout <SECONDS>     HTTP request timeout in seconds (default: 120, env: RAPS_TIMEOUT)
      --max-retries <N>       Maximum retries for 408/429/5xx responses (default: 3, env: RAPS_MAX_RETRIES). Retries use exponential backoff with jitter and respect Retry-After headers
      --base-delay <SECONDS>  Base delay in seconds for exponential backoff (default: 1, env: RAPS_BASE_DELAY)
      --max-wait <SECONDS>    Maximum wait time in seconds between retries (default: 60, env: RAPS_MAX_WAIT)
      --no-retry              Disable automatic retries (fail immediately on errors)
      --proxy <URL>           HTTP/HTTPS proxy URL (env: RAPS_PROXY), e.g. http://proxy.corp.example.com:8080
      --concurrency <N>       Maximum concurrent operations for bulk commands (default: 5, env: RAPS_CONCURRENCY)
      --no-cache              Disable the download cache
      --cache-dir <PATH>      Custom cache directory (default: platform cache dir)
      --refresh               Ignore cached artifacts and re-download
      --offline               Fail if artifact is not cached (no network requests for downloads)
  -h, --help                  Print help
  -V, --version               Print version
